// Jest Snapshot v1, https://goo.gl/fbAQLP

exports[`should render the 404 page 1`] = `
<div>
  <h1>
    404! -
    <[object Object]
      to="/"
    >
      Go Home
    </[object Object]>
  </h1>
</div>
`;
