// Jest Snapshot v1, https://goo.gl/fbAQLP

exports[`should render the expense list and expense filters 1`] = `
<div>
  <React.Memo />
  <React.Memo />
  <React.Memo />
</div>
`;
