// Jest Snapshot v1, https://goo.gl/fbAQLP

exports[`should render a paragraph that says no expenses 1`] = `
<div>
  <p>
    No Expenses
  </p>
</div>
`;

exports[`should render list oof expenses 1`] = `
<div>
  <ExpenseListItem
    amount={1200}
    createdAt={0}
    description="wolf"
    id="1"
    key="1"
  />
  <ExpenseListItem
    amount={1300}
    createdAt={-345600000}
    description="ahlam ass"
    id="2"
    key="2"
  />
  <ExpenseListItem
    amount={2000}
    createdAt={345600000}
    description="anashid face"
    id="31"
    key="31"
  />
</div>
`;
