// Jest Snapshot v1, https://goo.gl/fbAQLP

exports[`should render a single list item 1`] = `
<div>
  <h3>
    wolf
  </h3>
  <p>
    1200
  </p>
  <p>
    3
    :
    30
  </p>
  <button>
     
    <[object Object]
      to="/edit/1"
    >
      Edit
    </[object Object]>
  </button>
</div>
`;
