// Jest Snapshot v1, https://goo.gl/fbAQLP

exports[`should render header correctly 1`] = `
<nav>
  <[object Object]
    activeClassName="is-active"
    exact={true}
    to="/"
  >
    Home
  </[object Object]>
  <[object Object]
    activeClassName="is-active"
    to="/create"
  >
    Create
  </[object Object]>
</nav>
`;
